# This file is generated by `rapids-dependency-file-generator`.
# To make changes, edit ../../dependencies.yaml and run `rapids-dependency-file-generator`.
# This file contains matrix values aggregated from dependencies.yaml
arch:
- x86_64
- arm64
cuda:
- '11.5'
- '11.6'
python:
- '3.8'
- '3.9'
