# This file is generated by `rapids-dependency-file-generator`.
# To make changes, edit ../../dependencies.yaml and run `rapids-dependency-file-generator`.
channels:
- rapidsai
- conda-forge
dependencies:
- clang-tools=11.1.0
- cudatoolkit=11.5
- python=3.9
- spdlog>=1.8.5,<1.9
name: build_cuda-115_arch-arm64_py-39
