[build-system]
build-backend = "rapids_build_backend.build_meta"
requires = [
    "numpy>=2.0",
    "rapids-build-backend>=0.3.1",
    "scikit-build-core[pyproject]>=0.9.0",
] # This list was generated by `rapids-dependency-file-generator`. To make changes, edit ../../dependencies.yaml and run `rapids-dependency-file-generator`.

[project]
name = "libbeepboop"
version = "0.1.2"
dependencies = [
    "scipy",
]

[tool.rapids-build-backend]
requires = [
    "numpy>=2.0",
    "pandas<3.0",
] # This list was generated by `rapids-dependency-file-generator`. To make changes, edit ../../dependencies.yaml and run `rapids-dependency-file-generator`.
