# This file is generated by `rapids-dependency-file-generator`.
# To make changes, edit ../../dependencies.yaml and run `rapids-dependency-file-generator`.
channels:
- rapidsai
- conda-forge
dependencies:
- clang-tools=11.1.0
- cudatoolkit=11.5
- some_115_38_build_dep
- spdlog>=1.8.5,<1.9
- super_specific_dep
name: dev_cuda-115_arch-arm64_py-38
