# This file is generated by `rapids-dependency-file-generator`.
# To make changes, edit ../../dependencies.yaml and run `rapids-dependency-file-generator`.
# This file contains matrix values aggregated from dependencies.yaml
cuda:
- '11.5'
- '11.6'
