# This file is generated by `rapids-dependency-file-generator`.
# To make changes, edit ../../dependencies.yaml and run `rapids-dependency-file-generator`.
- clang=11.1.0
- pip
- spdlog>=1.8.5,<1.9
- pip:
  - git+https://github.com/python-streamz/streamz.git@master
