[build-system]
build-backend = "setuptools.build_meta"
requires = [
    "setuptools",
] # This list was generated by `rapids-dependency-file-generator`. To make changes, edit ../../dependencies.yaml and run `rapids-dependency-file-generator`.

[project]
name = "test"
version = "0.0.0"
dependencies = [
    "numpy",
    "scipy",
] # This list was generated by `rapids-dependency-file-generator`. To make changes, edit ../../dependencies.yaml and run `rapids-dependency-file-generator`.

[project.optional-dependencies]
test = [
    "scikit-image",
    "scikit-learn",
] # This list was generated by `rapids-dependency-file-generator`. To make changes, edit ../../dependencies.yaml and run `rapids-dependency-file-generator`.
